Error : 'put' requires key argument. Type 'help' for usage.
Error : 'put' requires value argument. Type 'help' for usage.
Error : 'put' takes only two argument. Type 'help' for usage.
Error : 'get' requires key argument. Type 'help' for usage.
Error : 'get' takes only one argument. Type 'help' for usage.
Error : 'delete' requires key argument. Type 'help' for usage.
Error : 'delete' takes only one argument. Type 'help' for usage.
Error : 'save' requires filepath argument. Type 'help' for usage.
Error : 'save' takes only one argument. Type 'help' for usage.
Error : 'load' requires filepath argument. Type 'help' for usage.
Error : 'load' takes only one argument. Type 'help' for usage.
Error : 'exit' takes no arguments. Type 'help' for usage.
Error : 'free' takes no arguments. Type 'help' for usage.
Error : 'help' takes no arguments. Type 'help' for usage.
Error : 'stats' takes no arguments. Type 'help' for usage.
Error : Invalid command. Type 'help' for a list of commands.
