PUT 'integer1' 1345
PUT 'a' 16
PUT 's' 42
PUT 'hex' 37
PUT 'b' 0.5
PUT 'double_1' 14.99
PUT 'double_2' 10000000000.0
PUT 'hex_double' 2.1875
PUT 'precise' 0.30000000000000004
PUT 'x' inf
PUT 'y' nan
PUT 'big' '1e400'
PUT 'hell\'0' 'worl\'d'
PUT 'escape\\' 'this escapes'
PUT '100 char' 'abababababababababababababababababababababababababababababababababababababababababababababababababab'
PUT 'unq100' 'abababababababababababababababababababababababababababababababababababababababababababababababababab'
PUT 'string' 'hello world'
